../Core/Src/motor_control.c:8:6:Debug_Print	16	static
../Core/Src/motor_control.c:12:26:CANopen_SendFrame	112	static
../Core/Src/motor_control.c:34:26:CANopen_SDO_Write8	40	static
../Core/Src/motor_control.c:39:26:CANopen_SDO_Write16	40	static
../Core/Src/motor_control.c:45:26:CANopen_SDO_Write32	40	static
../Core/Src/motor_control.c:52:17:CANopen_SDO_Read16	80	static
../Core/Src/motor_control.c:73:17:CANopen_SDO_Read32	80	static
../Core/Src/motor_control.c:94:19:Motor_Init	56	static
../Core/Src/motor_control.c:120:19:Motor_NMT_Start	32	static
../Core/Src/motor_control.c:125:19:Motor_CheckStatus	72	static
../Core/Src/motor_control.c:137:19:Motor_ClearFault	80	static
../Core/Src/motor_control.c:163:19:Motor_ResetState	32	static
../Core/Src/motor_control.c:173:19:Motor_ReadPosition	72	static
../Core/Src/motor_control.c:185:19:Motor_Home	32	static
../Core/Src/motor_control.c:244:19:Motor_SetProfilePositionMode	24	static
../Core/Src/motor_control.c:258:19:Motor_ConfigureMotion	32	static
../Core/Src/motor_control.c:275:19:Motor_SetTargetPosition	32	static
../Core/Src/motor_control.c:284:19:Motor_StartMotion	32	static
../Core/Src/motor_control.c:319:19:Motor_PollMotion	24	static
../Core/Src/motor_control.c:334:19:Motor_Stop	24	static
